ID(a) PLUS ID(b) SEMICOLON ID(c) MINUS ID(d) SEMICOLON ID(e) MULTIPLY ID(f) SEMICOLON ID(g) LESS ID(h) SEMICOLON ID(i) AND ID(j) SEMICOLON