PUBLIC STATIC VOID ID(returnTrue) LPAREN BOOLEAN ID(a) RPAREN LCURLY RETURN TRUE SEMICOLON RCURLY