INT ID(a) BECOMES INTEGER(4) SEMICOLON INT ID(b) BECOMES INTEGER(6) SEMICOLON BOOLEAN ID(t) BECOMES ID(a) <UNEXPECTED(>)> ID(b) SEMICOLON PRINTLN LPAREN ID(t) RPAREN SEMICOLON