IF LPAREN ID(a) LESS ID(b) RPAREN LCURLY RCURLY WHILE LPAREN INTEGER(1) LESS INTEGER(2) RPAREN LCURLY RCURLY