PUBLIC CLASS ID(Square) EXTENDS ID(Shape) LCURLY ID(square) PERIOD ID(method) LPAREN INTEGER(1) COMMA INTEGER(10) COMMA INTEGER(100) RPAREN SEMICOLON INT LBRACKET RBRACKET ID(i) SEMICOLON INT ID(j) SEMICOLON PRINTLN LPAREN ID(dog69) RPAREN SEMICOLON RCURLY