0
20
24
ARRAY OUT OF BOUNDS. EXITED WITH STATUS 1
